Test V07 Required
States 1
y=1;
Ok
Witnesses
Positive: 1 Negative: 0
Condition forall (y=1)
Observation V07 Always 1 0
Hash=0c36999f05e4f33e3ef0f5ab1ccaa72a

