Test V08 Required
States 1
y=1;
Ok
Witnesses
Positive: 1 Negative: 0
Condition forall (y=1)
Observation V08 Always 1 0
Hash=715852669a23ac0aaa1d902bda99fa08

