Test V11 Required
States 1
y=1;
Ok
Witnesses
Positive: 1 Negative: 0
Condition forall (y=1)
Observation V11 Always 1 0
Hash=a2118731204b9841b881992e8d6f859d

