Test V12 Required
States 1
y=1;
Ok
Witnesses
Positive: 1 Negative: 0
Condition forall (y=1)
Observation V12 Always 1 0
Hash=2f917ee63a8382b1a2077f1d9871ff03

