Test V41 Required
States 1
y=1; z=2;
Ok
Witnesses
Positive: 1 Negative: 0
Condition forall (y=1 /\ z=2)
Observation V41 Always 1 0
Hash=90438ca99f247efd837b055fef4bfdde

