Test V44 Allowed
States 1
x=255; y=255;
Ok
Witnesses
Positive: 1 Negative: 0
Condition exists (x=255 /\ y=255)
Observation V44 Always 1 0
Hash=db4fce50ab65a58badf62dc7e5516861

