Test V45 Required
States 1
0:X0=x+-8; x=255; y=255;
Ok
Witnesses
Positive: 1 Negative: 0
Condition forall (x=255 /\ y=255 /\ not (0:X0=x))
Observation V45 Always 1 0
Hash=538798d804954f9135ac0e781a1e92bf

