Test V47 Required
States 1
0:X0=x+8; 0:X3=32;
Ok
Witnesses
Positive: 1 Negative: 0
Condition forall (0:X3=32 /\ not (0:X0=x))
Observation V47 Always 1 0
Hash=1b981da008230f3a8c1d2b5d8ea9d97b

