Test V10 Required
Histogram (1 states)
4000000:>y=1;
Ok

Witnesses
Positive: 4000000, Negative: 0
Condition forall (y=1) is validated
Hash=5bed4fd2add6a2b2ae6f8df42de744a6
Observation V10 Always 4000000 0
Time V10 0.14
