Test V11 Required
Histogram (1 states)
1000000:>x=257;
Ok

Witnesses
Positive: 1000000, Negative: 0
Condition forall (x=257) is validated
Hash=2614c7923df74e4ad4cef41dbaaf22d9
Observation V11 Always 1000000 0
Time V11 0.04
