Test V37 Required
Histogram (1 states)
1000000:>0:V0.S={22,1,5,44};
Ok

Witnesses
Positive: 1000000, Negative: 0
Condition forall (0:V0.S={22,1,5,44}) is validated
Hash=74c2628008c9d04d38063a38ea8a9856
Observation V37 Always 1000000 0
Time V37 0.07
