Test A4 Allowed
States 1
0:X0=0;
Ok
Witnesses
Positive: 1 Negative: 0
Condition exists (0:X0=0)
Observation A4 Always 1 0
Hash=8940fd2b06207ee57113ad068cb81bce

