Test A8 Allowed
States 1
0:X0=0; 0:X1=x+44;
Ok
Witnesses
Positive: 1 Negative: 0
Condition exists (0:X0=0 /\ not (0:X1=x))
Observation A8 Always 1 0
Hash=c96fb4337f74b534df2e3df83cfe3d86

