Test A139 Allowed
States 1
0:X0=42;
Ok
Witnesses
Positive: 1 Negative: 0
Condition exists (0:X0=42)
Observation A139 Always 1 0
Hash=8d2d1fb0349616ea4cdfe8efda193979

