Test LB+dmb.sys Allowed
States 3
0:X1=0; 1:X1=0;
0:X1=0; 1:X1=1;
0:X1=1; 1:X1=0;
No
Witnesses
Positive: 0 Negative: 3
Condition exists (0:X1=1 /\ 1:X1=1)
Observation LB+dmb.sys Never 0 3
Hash=58f58841a29b4785c0318afb13b06b93

