Test LB+dmb.sy+ctrl Allowed
States 3
0:X1=0; 1:X1=0;
0:X1=0; 1:X1=1;
0:X1=1; 1:X1=0;
No
Witnesses
Positive: 0 Negative: 3
Condition exists (0:X1=1 /\ 1:X1=1)
Observation LB+dmb.sy+ctrl Never 0 3
Hash=f1a339ea0c2006dcbe393941fa524a7f

