Test LB+dmb.sy+addr Allowed
States 3
0:X1=0; 1:X1=0;
0:X1=0; 1:X1=1;
0:X1=1; 1:X1=0;
No
Witnesses
Positive: 0 Negative: 3
Condition exists (0:X1=1 /\ 1:X1=1)
Observation LB+dmb.sy+addr Never 0 3
Hash=4bb883a351011b44213ec9117d5b01cf

