Test LB Allowed
States 4
0:X1=0; 1:X1=0;
0:X1=0; 1:X1=1;
0:X1=1; 1:X1=0;
0:X1=1; 1:X1=1;
Ok
Witnesses
Positive: 1 Negative: 3
Condition exists (0:X1=1 /\ 1:X1=1)
Observation LB Sometimes 1 3
Hash=75efc9d3fd2408a0f1d61e2dbe4a5037

