Test MP+dmb.sys Allowed
States 3
1:X1=0; 1:X3=0;
1:X1=0; 1:X3=1;
1:X1=1; 1:X3=1;
No
Witnesses
Positive: 0 Negative: 3
Condition exists (1:X1=1 /\ 1:X3=0)
Observation MP+dmb.sys Never 0 3
Hash=ba6fa85f3a14d91cf1d52c22f60d9b83

