Test MP+dmb.sy+addr Allowed
States 3
1:X1=0; 1:X3=0;
1:X1=0; 1:X3=1;
1:X1=1; 1:X3=1;
No
Witnesses
Positive: 0 Negative: 3
Condition exists (1:X1=1 /\ 1:X3=0)
Observation MP+dmb.sy+addr Never 0 3
Hash=c52a30359fab0b4568025bff745f4f68

