Test MP+dmb.sy+ctrlisb Allowed
States 3
1:X1=0; 1:X3=0;
1:X1=0; 1:X3=1;
1:X1=1; 1:X3=1;
No
Witnesses
Positive: 0 Negative: 3
Condition exists (1:X1=1 /\ 1:X3=0)
Observation MP+dmb.sy+ctrlisb Never 0 3
Hash=a8b6dcfab940eae54eeba0b925c9d744

