Test MP+dmb.sy+po Allowed
States 4
1:X1=0; 1:X3=0;
1:X1=0; 1:X3=1;
1:X1=1; 1:X3=0;
1:X1=1; 1:X3=1;
Ok
Witnesses
Positive: 1 Negative: 3
Condition exists (1:X1=1 /\ 1:X3=0)
Observation MP+dmb.sy+po Sometimes 1 3
Hash=4e133de79065843db2e2bbaf079d080a

