Test MP+po+dmb.sy Allowed
States 4
1:X1=0; 1:X3=0;
1:X1=0; 1:X3=1;
1:X1=1; 1:X3=0;
1:X1=1; 1:X3=1;
Ok
Witnesses
Positive: 1 Negative: 3
Condition exists (1:X1=1 /\ 1:X3=0)
Observation MP+po+dmb.sy Sometimes 1 3
Hash=5dccf49d050a0fcb3c6ad3f3d8e2a20c

