Test MP+po+ctrlisb Allowed
States 4
1:X1=0; 1:X3=0;
1:X1=0; 1:X3=1;
1:X1=1; 1:X3=0;
1:X1=1; 1:X3=1;
Ok
Witnesses
Positive: 1 Negative: 3
Condition exists (1:X1=1 /\ 1:X3=0)
Observation MP+po+ctrlisb Sometimes 1 3
Hash=1061edabaf9b0c0b10ac078e284920be

