Test MP Allowed
States 4
1:X1=0; 1:X3=0;
1:X1=0; 1:X3=1;
1:X1=1; 1:X3=0;
1:X1=1; 1:X3=1;
Ok
Witnesses
Positive: 1 Negative: 3
Condition exists (1:X1=1 /\ 1:X3=0)
Observation MP Sometimes 1 3
Hash=9827c55a473553b4e097483de0205966

