Test SB+dmb.sys Allowed
States 3
0:X3=0; 1:X3=1;
0:X3=1; 1:X3=0;
0:X3=1; 1:X3=1;
No
Witnesses
Positive: 0 Negative: 3
Condition exists (0:X3=0 /\ 1:X3=0)
Observation SB+dmb.sys Never 0 3
Hash=c6a533fb255005c1a89998321e552a86

