Test SB Allowed
States 4
0:X3=0; 1:X3=0;
0:X3=0; 1:X3=1;
0:X3=1; 1:X3=0;
0:X3=1; 1:X3=1;
Ok
Witnesses
Positive: 1 Negative: 3
Condition exists (0:X3=0 /\ 1:X3=0)
Observation SB Sometimes 1 3
Hash=0e1eb22a42a7de6af162a7e5cbb4e4d3

